$ python3 xpk.py cluster create --project=golden-project --zone=us-central1-a --cluster=golden-cluster --tpu-type=tpu7x-8 --spot --dry-run
Traceback (most recent call last):
  File "/usr/local/google/home/lidanny/Desktop/Project/xpk-config-test/fork/xpk/xpk.py", line 34, in <module>
    from src.xpk.main import main
  File "/usr/local/google/home/lidanny/Desktop/Project/xpk-config-test/fork/xpk/src/xpk/main.py", line 37, in <module>
    from .parser.core import set_parser
  File "/usr/local/google/home/lidanny/Desktop/Project/xpk-config-test/fork/xpk/src/xpk/parser/core.py", line 19, in <module>
    from .config import set_config_parsers
  File "/usr/local/google/home/lidanny/Desktop/Project/xpk-config-test/fork/xpk/src/xpk/parser/config.py", line 17, in <module>
    from ..commands.config import get_config, set_config
  File "/usr/local/google/home/lidanny/Desktop/Project/xpk-config-test/fork/xpk/src/xpk/commands/config.py", line 17, in <module>
    from ..core.config import XpkConfig
  File "/usr/local/google/home/lidanny/Desktop/Project/xpk-config-test/fork/xpk/src/xpk/core/config.py", line 19, in <module>
    import ruamel.yaml
ModuleNotFoundError: No module named 'ruamel'
