$ python3 xpk.py job cancel golden-job --project=golden-project --zone=us-central1-a --cluster=golden-cluster --dry-run
[XPK] Starting xpk
[XPK] Starting job cancel for job: ['golden-job']
[XPK] Working on golden-project and us-central1-a
[XPK] Try 1: get-credentials to cluster golden-cluster
[XPK] Task: `get-credentials to cluster golden-cluster` is implemented by the following command not running since it is a dry run. 
gcloud container clusters get-credentials golden-cluster --region=us-central1 --project=golden-project && kubectl config view && kubectl config set-context --current --namespace=default
[XPK] Task: `delete job` is implemented by the following command not running since it is a dry run. 
kubectl-kjob delete slurm golden-job
[XPK] Exiting XPK cleanly
