$ python3 xpk.py workload create-pathways --project=golden-project --zone=us-central1-a --cluster=golden-cluster --workload=golden-workload --command "bash hello" --tpu-type=v5p-8 --num-slices=1 --script-dir=/tmp --dry-run
[XPK] Starting xpk v0.14.3
[XPK] Task: `Check if Workload Already Exists` is implemented by the following command not running since it is a dry run. 
kubectl get workloads -o=custom-columns='Jobset:.metadata.ownerReferences[0].name'
[XPK] Task: `GKE Cluster Get ConfigMap` is implemented by the following command not running since it is a dry run. 
kubectl get configmap golden-cluster-resources-configmap -o=custom-columns="ConfigData:data" --no-headers=true
[XPK] Starting workload create
[XPK] Task: `GKE Cluster Get ConfigMap` is implemented by the following command not running since it is a dry run. 
kubectl get configmap golden-cluster-metadata-configmap -o=custom-columns="ConfigData:data" --no-headers=true
[XPK] Task: `GKE Cluster Get ConfigMap` is implemented by the following command not running since it is a dry run. 
kubectl get configmap golden-cluster-resources-configmap -o=custom-columns="ConfigData:data" --no-headers=true
[XPK] gke_accelerator type not found in config map: golden-cluster-resources-configmap. Autoprovisioning is not enabled.
[XPK] Task: `Check if PathwaysJob is installed on golden-cluster` is implemented by the following command not running since it is a dry run. 
kubectl get pods -n pathways-job-system --no-headers -o custom-columns=NAME:.metadata.name
[XPK] check_if_pathways_job_is_installed 0 0
[XPK] Task: `Find cluster region or zone` is implemented by the following command not running since it is a dry run. 
gcloud container clusters list --project=golden-project --filter=name=golden-cluster --format="value(location)"
[XPK] Task: `Get All Node Pools` is implemented by the following command not running since it is a dry run. 
gcloud beta container node-pools list --cluster golden-cluster --project=golden-project --location=us-central1 --format="csv[no-heading](name)"
[XPK] Building /tmp into docker image.
[XPK] Task: `Building script_dir into docker image` is implemented by the following command not running since it is a dry run. 
docker buildx build --platform=linux/amd64 -f 4b6736a12db8ea0f78ce793fd0d4ee0c94c652303f1dc0fecad085ea0993f688 -t dry-run-runner /tmp
[XPK] Adding Docker Image: gcr.io/golden-project/dry-run-runner:prefix-current to golden-project
[XPK] Task: `Tag Docker Image` is implemented by the following command not running since it is a dry run. 
docker tag dry-run-runner gcr.io/golden-project/dry-run-runner:prefix-current
[XPK] Task: `Upload Docker Image` is implemented by the following command not running since it is a dry run. 
docker push gcr.io/golden-project/dry-run-runner:prefix-current
[XPK] Task: `Creating Workload` is implemented by the following command not running since it is a dry run. 
kubectl apply -f 574963d6d441695d681ff94ad241e713559f64b4ce519f4f1e0708c659f1c25d
[XPK] Task: `GKE Dashboard List` is implemented by the following command not running since it is a dry run. 
gcloud monitoring dashboards list --project=golden-project --filter="displayName:'GKE - TPU Monitoring Dashboard'" --format="value(name)" --verbosity=error
[XPK] Check statistics and outlier mode of GKE metrics here: https://console.cloud.google.com/monitoring/dashboards/builder/0?project=golden-project&f.rlabel.cluster_name.ClusterName=golden-cluster. To view the metric data for your workload, select golden-workload from the JobName filter on the dashboard.
[XPK] Follow your Pathways workload and other resources here : https://console.cloud.google.com/logs/query;query=resource.type%3D"k8s_container"%0Aresource.labels.project_id%3D"golden-project"%0Aresource.labels.location%3D"us-central1"%0Aresource.labels.cluster_name%3D"golden-cluster"%0Aresource.labels.pod_name:"golden-workload-"%0Aseverity>%3DDEFAULT
[XPK] Exiting XPK cleanly
