$ python3 xpk.py workload create --project=golden-project --zone=us-central1-a --cluster=golden-cluster --workload=golden-workload --command "bash hello" --tpu-type=v5p-8 --num-slices=1 --script-dir=/tmp --dry-run
[XPK] Starting xpk
[XPK] Skipping dependency validation.
[XPK] Task: `Check if Workload Already Exists` is implemented by the following command not running since it is a dry run. 
kubectl get workloads -o=custom-columns='Jobset:.metadata.ownerReferences[0].name'
[XPK] Starting workload create
[XPK] Task: `GKE Cluster Get ConfigMap` is implemented by the following command not running since it is a dry run. 
kubectl get configmap golden-cluster-resources-configmap -o=custom-columns="ConfigData:data" --no-headers=true
[XPK] Starting workload create
[XPK] Task: `GKE Cluster Get ConfigMap` is implemented by the following command not running since it is a dry run. 
kubectl get configmap golden-cluster-metadata-configmap -o=custom-columns="ConfigData:data" --no-headers=true
[XPK] Task: `GKE Cluster Get ConfigMap` is implemented by the following command not running since it is a dry run. 
kubectl get configmap golden-cluster-resources-configmap -o=custom-columns="ConfigData:data" --no-headers=true
[XPK] gke_accelerator type not found in config map: golden-cluster-resources-configmap. Autoprovisioning is not enabled.
[XPK] No gcsfuse Storages to add detected
[XPK] No gcp filestore instances to add detected.
[XPK] No gcp parallelstore instances to add detected.
[XPK] No gce persistent disk instances to add detected.
[XPK] No managed lustre instances to add detected.
[XPK] Building /tmp into docker image.
[XPK] Task: `Building script_dir into docker image` is implemented by the following command not running since it is a dry run. 
docker buildx build --platform=linux/amd64 -f 4b6736a12db8ea0f78ce793fd0d4ee0c94c652303f1dc0fecad085ea0993f688 -t dry-run-runner /tmp
[XPK] Adding Docker Image: gcr.io/golden-project/dry-run-runner:prefix-current to golden-project
[XPK] Task: `Tag Docker Image` is implemented by the following command not running since it is a dry run. 
docker tag dry-run-runner gcr.io/golden-project/dry-run-runner:prefix-current
[XPK] Task: `Upload Docker Image` is implemented by the following command not running since it is a dry run. 
docker push gcr.io/golden-project/dry-run-runner:prefix-current
[XPK] Task: `Creating Workload` is implemented by the following command not running since it is a dry run. 
kubectl apply -f 635bfd38f34d48a6cc3863a2a2b00acfabe36ea1b6737e0cc816467a41fca144
[XPK] Task: `GKE Dashboard List` is implemented by the following command not running since it is a dry run. 
gcloud monitoring dashboards list --project=golden-project --filter="displayName:'GKE - TPU Monitoring Dashboard'" --format="value(name)" --verbosity=error
[XPK] Check statistics and outlier mode of GKE metrics here: https://console.cloud.google.com/monitoring/dashboards/builder/0?project=golden-project&f.rlabel.cluster_name.ClusterName=golden-cluster. To view the metric data for your workload, select golden-workload from the JobName filter on the dashboard.
[XPK] Follow your workload here: https://console.cloud.google.com/kubernetes/service/us-central1/golden-cluster/default/golden-workload/details?project=golden-project
[XPK] Follow your worker 0, slice 0 logs here: Adjust the pod name ([prefix]-slice-job-[slice_number]-[worker_number]) after clicking the url if you want other worker logs. https://console.cloud.google.com/logs/query;query=resource.type%3D%22k8s_container%22%0Aresource.labels.project_id%3D%22golden-project%22%0Aresource.labels.location%3D%22us-central1%22%0Aresource.labels.cluster_name%3D%22golden-cluster%22%0Aresource.labels.namespace_name%3D%22default%22%0Aresource.labels.pod_name:%22golden-workload-slice-job-0-0-%22%20severity%3E%3DDEFAULT;storageScope=project;duration=P1D?e=13802955&mods=allow_workbench_image_override&project=golden-project
[XPK] Exiting XPK cleanly
