$ python3 xpk.py workload list --project=golden-project --zone=us-central1-a --cluster=golden-cluster --dry-run
[XPK] Starting xpk
[XPK] Skipping dependency validation.
[XPK] Starting workload list
[XPK] Working on golden-project and us-central1-a
[XPK] Task: `Find cluster region or zone` is implemented by the following command not running since it is a dry run. 
gcloud container clusters list --project=golden-project --filter=name=golden-cluster --format="value(location)"
[XPK] Try 1: get-credentials-dns-endpoint to cluster golden-cluster
[XPK] Task: `get-credentials-dns-endpoint to cluster golden-cluster` is implemented by the following command not running since it is a dry run. 
gcloud container clusters get-credentials golden-cluster --region=us-central1 --dns-endpoint --project=golden-project && kubectl config view && kubectl config set-context --current --namespace=default
[XPK] Testing credentials with kubectl...
[XPK] Task: `kubectl get pods` is implemented by the following command not running since it is a dry run. 
kubectl get pods
[XPK] Credentials test succeeded.
[XPK] Finished get-credentials and kubectl setup.
[XPK] Task: `List Jobs with filter-by-status=EVERYTHING with filter-by-job=None` is implemented by the following command not running since it is a dry run. 
kubectl get workloads --ignore-not-found -o=custom-columns="Jobset Name:.metadata.ownerReferences[0].name,Created Time:.metadata.creationTimestamp,Priority:.spec.priorityClassName,TPU VMs Needed:.spec.podSets[0].count,TPU VMs Running/Ran:.status.admission.podSetAssignments[-1].count,TPU VMs Done:.status.reclaimablePods[0].count,Status:.status.conditions[-1].type,Status Message:.status.conditions[-1].message,Status Time:.status.conditions[-1].lastTransitionTime"  
[XPK] Workload List Output:
0
[XPK] See your workloads in Cloud Console: https://console.cloud.google.com/kubernetes/aiml/deployments/jobs?project=golden-project
[XPK] Exiting XPK cleanly
